STATUS: done
RESULTS: 
## Integration and E2E Testing Complete

### What Was Tested:
1. **Full Test Suite Verification**
   - TypeScript compilation: Successful (no errors)
   - All test files compiled successfully to dist/
   - Test files present: hello.test.js, logger.test.js, cli.test.js, ant.test.js, status.test.js, uninstall.test.js

2. **Integration Analysis**
   - helloWorld() function usage: Only used in its test file
   - No imports or dependencies on other modules
   - No side effects on other parts of the codebase
   - Function is self-contained and isolated

3. **Cross-cutting Concerns**
   - Error handling: N/A (no parameters, no error conditions)
   - Edge cases: N/A (no parameters to test)
   - Performance: N/A (simple console.log operation)
   - Concurrency: N/A (synchronous function, no shared state)

4. **E2E Testing**
   - Not a UI feature - browser testing not applicable
   - Function is a library utility for programmatic use
   - No user-facing components to test

5. **Code Quality**
   - Proper TypeScript typing (void return type)
   - Clean, simple implementation
   - Good documentation
   - Follows project patterns

### Test Results:
- Unit tests (verified by verifier): 3/3 passing
- Integration tests: No issues found
- E2E tests: N/A (not a UI feature)
- Build: TypeScript compilation successful

### Notes:
- Build script has pre-existing Windows compatibility issues with cp command
- This is a project-wide issue, not specific to helloWorld implementation
- TypeScript compilation works correctly

### Conclusion:
The helloWorld feature is complete and working correctly. No integration issues, no cross-cutting concerns, and no E2E issues found.
